nohup: ignoring input

  .   ____          _            __ _ _
 /\\ / ___'_ __ _ _(_)_ __  __ _ \ \ \ \
( ( )\___ | '_ | '_| | '_ \/ _` | \ \ \ \
 \\/  ___)| |_)| | | | | || (_| |  ) ) ) )
  '  |____| .__|_| |_|_| |_\__, | / / / /
 =========|_|==============|___/=/_/_/_/

 :: Spring Boot ::                (v3.5.5)

2025-09-11T06:15:32.549Z  INFO 33601 --- [hyo-banking-be] [           main] o.a.h.HyoBankingBeApplication            : Starting HyoBankingBeApplication v0.0.1-SNAPSHOT using Java 17.0.16 with PID 33601 (/home/ec2-user/hyo-banking/hyo-banking-be/build/libs/hyo-banking-be-0.0.1-SNAPSHOT.jar started by ec2-user in /home/ec2-user/hyo-banking/hyo-banking-be)
2025-09-11T06:15:32.565Z  INFO 33601 --- [hyo-banking-be] [           main] o.a.h.HyoBankingBeApplication            : The following 1 profile is active: "prod"
2025-09-11T06:15:34.773Z  INFO 33601 --- [hyo-banking-be] [           main] .s.d.r.c.RepositoryConfigurationDelegate : Bootstrapping Spring Data JPA repositories in DEFAULT mode.
2025-09-11T06:15:34.918Z  INFO 33601 --- [hyo-banking-be] [           main] .s.d.r.c.RepositoryConfigurationDelegate : Finished Spring Data repository scanning in 131 ms. Found 9 JPA repository interfaces.
2025-09-11T06:15:36.139Z  INFO 33601 --- [hyo-banking-be] [           main] o.s.b.w.embedded.tomcat.TomcatWebServer  : Tomcat initialized with port 8080 (http)
2025-09-11T06:15:36.165Z  INFO 33601 --- [hyo-banking-be] [           main] o.apache.catalina.core.StandardService   : Starting service [Tomcat]
2025-09-11T06:15:36.166Z  INFO 33601 --- [hyo-banking-be] [           main] o.apache.catalina.core.StandardEngine    : Starting Servlet engine: [Apache Tomcat/10.1.44]
2025-09-11T06:15:36.227Z  INFO 33601 --- [hyo-banking-be] [           main] o.a.c.c.C.[Tomcat].[localhost].[/]       : Initializing Spring embedded WebApplicationContext
2025-09-11T06:15:36.229Z  INFO 33601 --- [hyo-banking-be] [           main] w.s.c.ServletWebServerApplicationContext : Root WebApplicationContext: initialization completed in 3502 ms
2025-09-11T06:15:36.590Z  INFO 33601 --- [hyo-banking-be] [           main] o.hibernate.jpa.internal.util.LogHelper  : HHH000204: Processing PersistenceUnitInfo [name: default]
2025-09-11T06:15:36.725Z  INFO 33601 --- [hyo-banking-be] [           main] org.hibernate.Version                    : HHH000412: Hibernate ORM core version 6.6.26.Final
2025-09-11T06:15:36.798Z  INFO 33601 --- [hyo-banking-be] [           main] o.h.c.internal.RegionFactoryInitiator    : HHH000026: Second-level cache disabled
2025-09-11T06:15:37.430Z  INFO 33601 --- [hyo-banking-be] [           main] o.s.o.j.p.SpringPersistenceUnitInfo      : No LoadTimeWeaver setup: ignoring JPA class transformer
2025-09-11T06:15:37.470Z  INFO 33601 --- [hyo-banking-be] [           main] com.zaxxer.hikari.HikariDataSource       : HyoBankingPool - Starting...
2025-09-11T06:15:38.223Z  INFO 33601 --- [hyo-banking-be] [           main] com.zaxxer.hikari.pool.HikariPool        : HyoBankingPool - Added connection com.mysql.cj.jdbc.ConnectionImpl@6148827c
2025-09-11T06:15:38.227Z  INFO 33601 --- [hyo-banking-be] [           main] com.zaxxer.hikari.HikariDataSource       : HyoBankingPool - Start completed.
2025-09-11T06:15:38.432Z  INFO 33601 --- [hyo-banking-be] [           main] org.hibernate.orm.connections.pooling    : HHH10001005: Database info:
	Database JDBC URL [Connecting through datasource 'HikariDataSource (HyoBankingPool)']
	Database driver: undefined/unknown
	Database version: 8.0.42
	Autocommit mode: undefined/unknown
	Isolation level: undefined/unknown
	Minimum pool size: undefined/unknown
	Maximum pool size: undefined/unknown
2025-09-11T06:15:40.248Z  INFO 33601 --- [hyo-banking-be] [           main] o.h.e.t.j.p.i.JtaPlatformInitiator       : HHH000489: No JTA platform available (set 'hibernate.transaction.jta.platform' to enable JTA platform integration)
2025-09-11T06:15:40.491Z  INFO 33601 --- [hyo-banking-be] [           main] j.LocalContainerEntityManagerFactoryBean : Initialized JPA EntityManagerFactory for persistence unit 'default'
2025-09-11T06:15:41.156Z  INFO 33601 --- [hyo-banking-be] [           main] o.s.d.j.r.query.QueryEnhancerFactory     : Hibernate is in classpath; If applicable, HQL parser will be used.
2025-09-11T06:15:42.877Z  WARN 33601 --- [hyo-banking-be] [           main] JpaBaseConfiguration$JpaWebConfiguration : spring.jpa.open-in-view is enabled by default. Therefore, database queries may be performed during view rendering. Explicitly configure spring.jpa.open-in-view to disable this warning
2025-09-11T06:15:43.883Z  INFO 33601 --- [hyo-banking-be] [           main] o.s.b.w.embedded.tomcat.TomcatWebServer  : Tomcat started on port 8080 (http) with context path '/'
2025-09-11T06:15:43.950Z  INFO 33601 --- [hyo-banking-be] [           main] o.a.h.HyoBankingBeApplication            : Started HyoBankingBeApplication in 12.682 seconds (process running for 13.711)
2025-09-11T06:18:32.714Z  INFO 33601 --- [hyo-banking-be] [nio-8080-exec-2] o.a.c.c.C.[Tomcat].[localhost].[/]       : Initializing Spring DispatcherServlet 'dispatcherServlet'
2025-09-11T06:18:32.827Z  INFO 33601 --- [hyo-banking-be] [nio-8080-exec-2] o.s.web.servlet.DispatcherServlet        : Initializing Servlet 'dispatcherServlet'
2025-09-11T06:18:33.319Z  INFO 33601 --- [hyo-banking-be] [nio-8080-exec-2] o.s.web.servlet.DispatcherServlet        : Completed initialization in 489 ms
Hibernate: select u1_0.id,u1_0.created_at,u1_0.login_id,u1_0.name,u1_0.password,u1_0.phone,u1_0.pin_hash from user u1_0 where u1_0.id=?
Hibernate: select m1_0.id,m1_0.created_at,m1_0.name,m1_0.status,m1_0.updated_at,m1_0.user_id from macro m1_0 left join user u1_0 on u1_0.id=m1_0.user_id where u1_0.id=? order by m1_0.id desc limit ?
Hibernate: select a1_0.id,a1_0.account_no,a1_0.account_type,a1_0.balance_cache,a1_0.bank_code,a1_0.created_at,a1_0.currency_code,a1_0.pin_hash,a1_0.user_id from account a1_0 where a1_0.user_id=?
2025-09-11T06:18:36.304Z  WARN 33601 --- [hyo-banking-be] [nio-8080-exec-1] ration$PageModule$WarningLoggingModifier : Serializing PageImpl instances as-is is not supported, meaning that there is no guarantee about the stability of the resulting JSON structure!
	For a stable JSON structure, please use Spring Data's PagedModel (globally via @EnableSpringDataWebSupport(pageSerializationMode = VIA_DTO))
	or Spring HATEOAS and Spring Data's PagedResourcesAssembler as documented in https://docs.spring.io/spring-data/commons/reference/repositories/core-extensions.html#core.web.pageables.

Hibernate: select m1_0.id,m1_0.created_at,m1_0.name,m1_0.status,m1_0.updated_at,m1_0.user_id from macro m1_0 where m1_0.id=?
Hibernate: select ms1_0.id,ms1_0.amount,ms1_0.currency_code,ms1_0.macro_id,ms1_0.note,ms1_0.account_from_id,ms1_0.step_order,ms1_0.step_type,ms1_0.account_to_id from macro_step ms1_0 left join macro m1_0 on m1_0.id=ms1_0.macro_id where m1_0.id=? order by ms1_0.step_order
Hibernate: select a1_0.id,a1_0.account_no,a1_0.account_type,a1_0.balance_cache,a1_0.bank_code,a1_0.created_at,a1_0.currency_code,a1_0.pin_hash,a1_0.user_id from account a1_0 where a1_0.id=?
Hibernate: select a1_0.id,a1_0.account_no,a1_0.account_type,a1_0.balance_cache,a1_0.bank_code,a1_0.created_at,a1_0.currency_code,a1_0.pin_hash,a1_0.user_id from account a1_0 where a1_0.account_no=? and a1_0.bank_code=?
Hibernate: select u1_0.id,u1_0.created_at,u1_0.login_id,u1_0.name,u1_0.password,u1_0.phone,u1_0.pin_hash from user u1_0 where u1_0.id=?
Hibernate: insert into macro_qr_token (created_at,expires_at,macro_id,token,updated_at,used_at) values (?,?,?,?,?,?)
Hibernate: select mqt1_0.id,mqt1_0.created_at,mqt1_0.expires_at,mqt1_0.macro_id,mqt1_0.token,mqt1_0.updated_at,mqt1_0.used_at from macro_qr_token mqt1_0 where mqt1_0.token=?
Hibernate: select ms1_0.id,ms1_0.amount,ms1_0.currency_code,ms1_0.macro_id,ms1_0.note,ms1_0.account_from_id,ms1_0.step_order,ms1_0.step_type,ms1_0.account_to_id from macro_step ms1_0 left join macro m1_0 on m1_0.id=ms1_0.macro_id where m1_0.id=? order by ms1_0.step_order
Hibernate: select a1_0.id,a1_0.account_no,a1_0.account_type,a1_0.balance_cache,a1_0.bank_code,a1_0.created_at,a1_0.currency_code,a1_0.pin_hash,a1_0.user_id from account a1_0 where a1_0.id=?
Hibernate: select a1_0.id,a1_0.account_no,a1_0.account_type,a1_0.balance_cache,a1_0.bank_code,a1_0.created_at,a1_0.currency_code,a1_0.pin_hash,a1_0.user_id from account a1_0 where a1_0.account_no=? and a1_0.bank_code=?
Hibernate: select u1_0.id,u1_0.created_at,u1_0.login_id,u1_0.name,u1_0.password,u1_0.phone,u1_0.pin_hash from user u1_0 where u1_0.id=?
Hibernate: select mqt1_0.id,mqt1_0.created_at,mqt1_0.expires_at,mqt1_0.macro_id,mqt1_0.token,mqt1_0.updated_at,mqt1_0.used_at from macro_qr_token mqt1_0 left join macro m1_0 on m1_0.id=mqt1_0.macro_id where m1_0.id=? and mqt1_0.token=?
Hibernate: insert into macro_execution (created_at,current_step,error_code,error_message,finished_at,macro_id,qr_token_id,started_at,status,updated_at) values (?,?,?,?,?,?,?,?,?,?)
2025-09-11T06:19:01.579Z  WARN 33601 --- [hyo-banking-be] [io-8080-exec-10] o.h.p.entity.AbstractEntityPersister     : HHH000502: The [updatedAt] property of the [org.atmgigi.hyobankingbe.macro.entity.MacroQrToken] entity was modified, but it won't be updated because the property is immutable.
Hibernate: update macro_qr_token set expires_at=?,macro_id=?,token=?,used_at=? where id=?
2025-09-11T06:19:01.650Z  INFO 33601 --- [hyo-banking-be] [         task-1] o.a.h.macro.service.ExecutionService     : 20
Hibernate: select me1_0.id,me1_0.created_at,me1_0.current_step,me1_0.error_code,me1_0.error_message,me1_0.finished_at,me1_0.macro_id,me1_0.qr_token_id,me1_0.started_at,me1_0.status,me1_0.updated_at from macro_execution me1_0 where me1_0.id=?
Hibernate: select ms1_0.id,ms1_0.amount,ms1_0.currency_code,ms1_0.macro_id,ms1_0.note,ms1_0.account_from_id,ms1_0.step_order,ms1_0.step_type,ms1_0.account_to_id from macro_step ms1_0 left join macro m1_0 on m1_0.id=ms1_0.macro_id where m1_0.id=? order by ms1_0.step_order
Hibernate: select a1_0.id,a1_0.account_no,a1_0.account_type,a1_0.balance_cache,a1_0.bank_code,a1_0.created_at,a1_0.currency_code,a1_0.pin_hash,a1_0.user_id from account a1_0 where a1_0.id=?
Hibernate: select a1_0.id,a1_0.account_no,a1_0.account_type,a1_0.balance_cache,a1_0.bank_code,a1_0.created_at,a1_0.currency_code,a1_0.pin_hash,a1_0.user_id from account a1_0 where a1_0.account_no=? and a1_0.bank_code=?
Hibernate: select a1_0.id,a1_0.account_no,a1_0.account_type,a1_0.balance_cache,a1_0.bank_code,a1_0.created_at,a1_0.currency_code,a1_0.pin_hash,a1_0.user_id from account a1_0 where a1_0.account_type=? and a1_0.currency_code=?
Hibernate: insert into txn (created_at,description,user_id) values (?,?,?)
Hibernate: insert into txn_entry (account_id,amount,created_at,currency_code,entry_type,txn_id) values (?,?,?,?,?,?)
Hibernate: insert into txn_entry (account_id,amount,created_at,currency_code,entry_type,txn_id) values (?,?,?,?,?,?)
Hibernate: update account set account_no=?,account_type=?,balance_cache=?,bank_code=?,currency_code=?,pin_hash=?,user_id=? where id=?
Hibernate: select me1_0.id,me1_0.created_at,me1_0.current_step,me1_0.error_code,me1_0.error_message,me1_0.finished_at,me1_0.macro_id,me1_0.qr_token_id,me1_0.started_at,me1_0.status,me1_0.updated_at from macro_execution me1_0 where me1_0.id=?
2025-09-11T06:19:03.564Z  WARN 33601 --- [hyo-banking-be] [         task-1] o.h.p.entity.AbstractEntityPersister     : HHH000502: The [updatedAt] property of the [org.atmgigi.hyobankingbe.macro.entity.MacroExecution] entity was modified, but it won't be updated because the property is immutable.
Hibernate: update macro_execution set current_step=?,error_code=?,error_message=?,finished_at=?,macro_id=?,qr_token_id=?,started_at=?,status=? where id=?
Hibernate: select me1_0.id,me1_0.created_at,me1_0.current_step,me1_0.error_code,me1_0.error_message,me1_0.finished_at,me1_0.macro_id,me1_0.qr_token_id,me1_0.started_at,me1_0.status,me1_0.updated_at from macro_execution me1_0 where me1_0.id=?
Hibernate: delete ik1_0 from idempotency_key ik1_0 where ik1_0.expires_at<?
Hibernate: select a1_0.id,a1_0.account_no,a1_0.account_type,a1_0.balance_cache,a1_0.bank_code,a1_0.created_at,a1_0.currency_code,a1_0.pin_hash,a1_0.user_id from account a1_0 where a1_0.account_no=? and a1_0.bank_code=?
Hibernate: select a1_0.id,a1_0.account_no,a1_0.account_type,a1_0.balance_cache,a1_0.bank_code,a1_0.created_at,a1_0.currency_code,a1_0.pin_hash,a1_0.user_id from account a1_0 where a1_0.account_no=? and a1_0.bank_code=?
Hibernate: select a1_0.id,a1_0.account_no,a1_0.account_type,a1_0.balance_cache,a1_0.bank_code,a1_0.created_at,a1_0.currency_code,a1_0.pin_hash,a1_0.user_id from account a1_0 where a1_0.account_no=? and a1_0.bank_code=?
Hibernate: select u1_0.id,u1_0.created_at,u1_0.login_id,u1_0.name,u1_0.password,u1_0.phone,u1_0.pin_hash from user u1_0 where u1_0.id=?
Hibernate: select a1_0.id,a1_0.account_no,a1_0.account_type,a1_0.balance_cache,a1_0.bank_code,a1_0.created_at,a1_0.currency_code,a1_0.pin_hash,a1_0.user_id from account a1_0 where a1_0.account_no=? and a1_0.bank_code=?
Hibernate: insert into idempotency_key (created_at,error_code,error_msg,expires_at,idem_key,operation,request_hash,response_body,response_code,status,user_id) values (?,?,?,?,?,?,?,cast(? as json),?,?,?)
Hibernate: select a1_0.id,a1_0.account_no,a1_0.account_type,a1_0.balance_cache,a1_0.bank_code,a1_0.created_at,a1_0.currency_code,a1_0.pin_hash,a1_0.user_id from account a1_0 where a1_0.account_no=? and a1_0.bank_code=?
Hibernate: select a1_0.id,a1_0.account_no,a1_0.account_type,a1_0.balance_cache,a1_0.bank_code,a1_0.created_at,a1_0.currency_code,a1_0.pin_hash,a1_0.user_id from account a1_0 where a1_0.account_type=? and a1_0.currency_code=?
Hibernate: insert into txn (created_at,description,user_id) values (?,?,?)
Hibernate: insert into txn_entry (account_id,amount,created_at,currency_code,entry_type,txn_id) values (?,?,?,?,?,?)
Hibernate: insert into txn_entry (account_id,amount,created_at,currency_code,entry_type,txn_id) values (?,?,?,?,?,?)
Hibernate: update account set account_no=?,account_type=?,balance_cache=?,bank_code=?,currency_code=?,pin_hash=?,user_id=? where id=?
Hibernate: update idempotency_key set error_code=?,error_msg=?,expires_at=?,idem_key=?,operation=?,request_hash=?,response_body=cast(? as json),response_code=?,status=?,user_id=? where id=?
Hibernate: delete ik1_0 from idempotency_key ik1_0 where ik1_0.expires_at<?
Hibernate: delete ik1_0 from idempotency_key ik1_0 where ik1_0.expires_at<?
Hibernate: select a1_0.id,a1_0.account_no,a1_0.account_type,a1_0.balance_cache,a1_0.bank_code,a1_0.created_at,a1_0.currency_code,a1_0.pin_hash,a1_0.user_id from account a1_0 where a1_0.account_no=? and a1_0.bank_code=?
Hibernate: select u1_0.id,u1_0.created_at,u1_0.login_id,u1_0.name,u1_0.password,u1_0.phone,u1_0.pin_hash from user u1_0 where u1_0.id=?
Hibernate: select a1_0.id,a1_0.account_no,a1_0.account_type,a1_0.balance_cache,a1_0.bank_code,a1_0.created_at,a1_0.currency_code,a1_0.pin_hash,a1_0.user_id from account a1_0 where a1_0.account_no=? and a1_0.bank_code=?
Hibernate: insert into idempotency_key (created_at,error_code,error_msg,expires_at,idem_key,operation,request_hash,response_body,response_code,status,user_id) values (?,?,?,?,?,?,?,cast(? as json),?,?,?)
Hibernate: select a1_0.id,a1_0.account_no,a1_0.account_type,a1_0.balance_cache,a1_0.bank_code,a1_0.created_at,a1_0.currency_code,a1_0.pin_hash,a1_0.user_id from account a1_0 where a1_0.account_no=? and a1_0.bank_code=?
Hibernate: select a1_0.id,a1_0.account_no,a1_0.account_type,a1_0.balance_cache,a1_0.bank_code,a1_0.created_at,a1_0.currency_code,a1_0.pin_hash,a1_0.user_id from account a1_0 where a1_0.account_type=? and a1_0.currency_code=?
Hibernate: insert into txn (created_at,description,user_id) values (?,?,?)
Hibernate: insert into txn_entry (account_id,amount,created_at,currency_code,entry_type,txn_id) values (?,?,?,?,?,?)
Hibernate: insert into txn_entry (account_id,amount,created_at,currency_code,entry_type,txn_id) values (?,?,?,?,?,?)
Hibernate: update account set account_no=?,account_type=?,balance_cache=?,bank_code=?,currency_code=?,pin_hash=?,user_id=? where id=?
Hibernate: update idempotency_key set error_code=?,error_msg=?,expires_at=?,idem_key=?,operation=?,request_hash=?,response_body=cast(? as json),response_code=?,status=?,user_id=? where id=?
Hibernate: select a1_0.id,a1_0.account_no,a1_0.account_type,a1_0.balance_cache,a1_0.bank_code,a1_0.created_at,a1_0.currency_code,a1_0.pin_hash,a1_0.user_id from account a1_0 where a1_0.account_no=? and a1_0.bank_code=?
Hibernate: insert into idempotency_key (created_at,error_code,error_msg,expires_at,idem_key,operation,request_hash,response_body,response_code,status,user_id) values (?,?,?,?,?,?,?,cast(? as json),?,?,?)
Hibernate: select a1_0.id,a1_0.account_no,a1_0.account_type,a1_0.balance_cache,a1_0.bank_code,a1_0.created_at,a1_0.currency_code,a1_0.pin_hash,a1_0.user_id from account a1_0 where a1_0.account_no=? and a1_0.bank_code=?
Hibernate: select a1_0.id,a1_0.account_no,a1_0.account_type,a1_0.balance_cache,a1_0.bank_code,a1_0.created_at,a1_0.currency_code,a1_0.pin_hash,a1_0.user_id from account a1_0 where a1_0.account_type=? and a1_0.currency_code=?
Hibernate: insert into txn (created_at,description,user_id) values (?,?,?)
Hibernate: insert into txn_entry (account_id,amount,created_at,currency_code,entry_type,txn_id) values (?,?,?,?,?,?)
Hibernate: insert into txn_entry (account_id,amount,created_at,currency_code,entry_type,txn_id) values (?,?,?,?,?,?)
Hibernate: update account set account_no=?,account_type=?,balance_cache=?,bank_code=?,currency_code=?,pin_hash=?,user_id=? where id=?
Hibernate: update idempotency_key set error_code=?,error_msg=?,expires_at=?,idem_key=?,operation=?,request_hash=?,response_body=cast(? as json),response_code=?,status=?,user_id=? where id=?
Hibernate: select a1_0.id,a1_0.account_no,a1_0.account_type,a1_0.balance_cache,a1_0.bank_code,a1_0.created_at,a1_0.currency_code,a1_0.pin_hash,a1_0.user_id from account a1_0 where a1_0.account_no=? and a1_0.bank_code=?
Hibernate: delete ik1_0 from idempotency_key ik1_0 where ik1_0.expires_at<?
Hibernate: delete ik1_0 from idempotency_key ik1_0 where ik1_0.expires_at<?
Hibernate: select a1_0.id,a1_0.account_no,a1_0.account_type,a1_0.balance_cache,a1_0.bank_code,a1_0.created_at,a1_0.currency_code,a1_0.pin_hash,a1_0.user_id from account a1_0 where a1_0.account_no=? and a1_0.bank_code=?
Hibernate: select a1_0.id,a1_0.account_no,a1_0.account_type,a1_0.balance_cache,a1_0.bank_code,a1_0.created_at,a1_0.currency_code,a1_0.pin_hash,a1_0.user_id from account a1_0 where a1_0.account_no=? and a1_0.bank_code=?
Hibernate: select u1_0.id,u1_0.created_at,u1_0.login_id,u1_0.name,u1_0.password,u1_0.phone,u1_0.pin_hash from user u1_0 where u1_0.id=?
Hibernate: select a1_0.id,a1_0.account_no,a1_0.account_type,a1_0.balance_cache,a1_0.bank_code,a1_0.created_at,a1_0.currency_code,a1_0.pin_hash,a1_0.user_id from account a1_0 where a1_0.account_no=? and a1_0.bank_code=?
Hibernate: insert into idempotency_key (created_at,error_code,error_msg,expires_at,idem_key,operation,request_hash,response_body,response_code,status,user_id) values (?,?,?,?,?,?,?,cast(? as json),?,?,?)
Hibernate: select a1_0.id,a1_0.account_no,a1_0.account_type,a1_0.balance_cache,a1_0.bank_code,a1_0.created_at,a1_0.currency_code,a1_0.pin_hash,a1_0.user_id from account a1_0 where a1_0.account_no=? and a1_0.bank_code=?
Hibernate: select a1_0.id,a1_0.account_no,a1_0.account_type,a1_0.balance_cache,a1_0.bank_code,a1_0.created_at,a1_0.currency_code,a1_0.pin_hash,a1_0.user_id from account a1_0 where a1_0.account_type=? and a1_0.currency_code=?
Hibernate: insert into txn (created_at,description,user_id) values (?,?,?)
Hibernate: insert into txn_entry (account_id,amount,created_at,currency_code,entry_type,txn_id) values (?,?,?,?,?,?)
Hibernate: insert into txn_entry (account_id,amount,created_at,currency_code,entry_type,txn_id) values (?,?,?,?,?,?)
Hibernate: update account set account_no=?,account_type=?,balance_cache=?,bank_code=?,currency_code=?,pin_hash=?,user_id=? where id=?
Hibernate: update idempotency_key set error_code=?,error_msg=?,expires_at=?,idem_key=?,operation=?,request_hash=?,response_body=cast(? as json),response_code=?,status=?,user_id=? where id=?
Hibernate: select a1_0.id,a1_0.account_no,a1_0.account_type,a1_0.balance_cache,a1_0.bank_code,a1_0.created_at,a1_0.currency_code,a1_0.pin_hash,a1_0.user_id from account a1_0 where a1_0.account_no=? and a1_0.bank_code=?
Hibernate: insert into idempotency_key (created_at,error_code,error_msg,expires_at,idem_key,operation,request_hash,response_body,response_code,status,user_id) values (?,?,?,?,?,?,?,cast(? as json),?,?,?)
Hibernate: select a1_0.id,a1_0.account_no,a1_0.account_type,a1_0.balance_cache,a1_0.bank_code,a1_0.created_at,a1_0.currency_code,a1_0.pin_hash,a1_0.user_id from account a1_0 where a1_0.account_no=? and a1_0.bank_code=?
Hibernate: select a1_0.id,a1_0.account_no,a1_0.account_type,a1_0.balance_cache,a1_0.bank_code,a1_0.created_at,a1_0.currency_code,a1_0.pin_hash,a1_0.user_id from account a1_0 where a1_0.account_type=? and a1_0.currency_code=?
Hibernate: insert into txn (created_at,description,user_id) values (?,?,?)
Hibernate: insert into txn_entry (account_id,amount,created_at,currency_code,entry_type,txn_id) values (?,?,?,?,?,?)
Hibernate: insert into txn_entry (account_id,amount,created_at,currency_code,entry_type,txn_id) values (?,?,?,?,?,?)
Hibernate: update account set account_no=?,account_type=?,balance_cache=?,bank_code=?,currency_code=?,pin_hash=?,user_id=? where id=?
Hibernate: update idempotency_key set error_code=?,error_msg=?,expires_at=?,idem_key=?,operation=?,request_hash=?,response_body=cast(? as json),response_code=?,status=?,user_id=? where id=?
Hibernate: select a1_0.id,a1_0.account_no,a1_0.account_type,a1_0.balance_cache,a1_0.bank_code,a1_0.created_at,a1_0.currency_code,a1_0.pin_hash,a1_0.user_id from account a1_0 where a1_0.account_no=? and a1_0.bank_code=?
Hibernate: select u1_0.id,u1_0.created_at,u1_0.login_id,u1_0.name,u1_0.password,u1_0.phone,u1_0.pin_hash from user u1_0 where u1_0.id=?
Hibernate: select u1_0.id,u1_0.created_at,u1_0.login_id,u1_0.name,u1_0.password,u1_0.phone,u1_0.pin_hash from user u1_0 where u1_0.id=?
Hibernate: select a1_0.id,a1_0.account_no,a1_0.account_type,a1_0.balance_cache,a1_0.bank_code,a1_0.created_at,a1_0.currency_code,a1_0.pin_hash,a1_0.user_id from account a1_0 where a1_0.user_id=?
Hibernate: delete ik1_0 from idempotency_key ik1_0 where ik1_0.expires_at<?
Hibernate: delete ik1_0 from idempotency_key ik1_0 where ik1_0.expires_at<?
Hibernate: select a1_0.id,a1_0.account_no,a1_0.account_type,a1_0.balance_cache,a1_0.bank_code,a1_0.created_at,a1_0.currency_code,a1_0.pin_hash,a1_0.user_id from account a1_0 where a1_0.account_no=? and a1_0.bank_code=?
Hibernate: select u1_0.id,u1_0.created_at,u1_0.login_id,u1_0.name,u1_0.password,u1_0.phone,u1_0.pin_hash from user u1_0 where u1_0.id=?
Hibernate: select a1_0.id,a1_0.account_no,a1_0.account_type,a1_0.balance_cache,a1_0.bank_code,a1_0.created_at,a1_0.currency_code,a1_0.pin_hash,a1_0.user_id from account a1_0 where a1_0.account_no=? and a1_0.bank_code=?
Hibernate: insert into idempotency_key (created_at,error_code,error_msg,expires_at,idem_key,operation,request_hash,response_body,response_code,status,user_id) values (?,?,?,?,?,?,?,cast(? as json),?,?,?)
Hibernate: select a1_0.id,a1_0.account_no,a1_0.account_type,a1_0.balance_cache,a1_0.bank_code,a1_0.created_at,a1_0.currency_code,a1_0.pin_hash,a1_0.user_id from account a1_0 where a1_0.account_no=? and a1_0.bank_code=?
Hibernate: select a1_0.id,a1_0.account_no,a1_0.account_type,a1_0.balance_cache,a1_0.bank_code,a1_0.created_at,a1_0.currency_code,a1_0.pin_hash,a1_0.user_id from account a1_0 where a1_0.account_type=? and a1_0.currency_code=?
Hibernate: insert into txn (created_at,description,user_id) values (?,?,?)
Hibernate: insert into txn_entry (account_id,amount,created_at,currency_code,entry_type,txn_id) values (?,?,?,?,?,?)
Hibernate: insert into txn_entry (account_id,amount,created_at,currency_code,entry_type,txn_id) values (?,?,?,?,?,?)
Hibernate: update account set account_no=?,account_type=?,balance_cache=?,bank_code=?,currency_code=?,pin_hash=?,user_id=? where id=?
Hibernate: update idempotency_key set error_code=?,error_msg=?,expires_at=?,idem_key=?,operation=?,request_hash=?,response_body=cast(? as json),response_code=?,status=?,user_id=? where id=?
Hibernate: delete ik1_0 from idempotency_key ik1_0 where ik1_0.expires_at<?
Hibernate: delete ik1_0 from idempotency_key ik1_0 where ik1_0.expires_at<?
Hibernate: select a1_0.id,a1_0.account_no,a1_0.account_type,a1_0.balance_cache,a1_0.bank_code,a1_0.created_at,a1_0.currency_code,a1_0.pin_hash,a1_0.user_id from account a1_0 where a1_0.account_no=? and a1_0.bank_code=?
Hibernate: select u1_0.id,u1_0.created_at,u1_0.login_id,u1_0.name,u1_0.password,u1_0.phone,u1_0.pin_hash from user u1_0 where u1_0.id=?
Hibernate: select a1_0.id,a1_0.account_no,a1_0.account_type,a1_0.balance_cache,a1_0.bank_code,a1_0.created_at,a1_0.currency_code,a1_0.pin_hash,a1_0.user_id from account a1_0 where a1_0.account_no=? and a1_0.bank_code=?
Hibernate: insert into idempotency_key (created_at,error_code,error_msg,expires_at,idem_key,operation,request_hash,response_body,response_code,status,user_id) values (?,?,?,?,?,?,?,cast(? as json),?,?,?)
Hibernate: select a1_0.id,a1_0.account_no,a1_0.account_type,a1_0.balance_cache,a1_0.bank_code,a1_0.created_at,a1_0.currency_code,a1_0.pin_hash,a1_0.user_id from account a1_0 where a1_0.account_no=? and a1_0.bank_code=?
Hibernate: select a1_0.id,a1_0.account_no,a1_0.account_type,a1_0.balance_cache,a1_0.bank_code,a1_0.created_at,a1_0.currency_code,a1_0.pin_hash,a1_0.user_id from account a1_0 where a1_0.account_type=? and a1_0.currency_code=?
Hibernate: insert into txn (created_at,description,user_id) values (?,?,?)
Hibernate: insert into txn_entry (account_id,amount,created_at,currency_code,entry_type,txn_id) values (?,?,?,?,?,?)
Hibernate: insert into txn_entry (account_id,amount,created_at,currency_code,entry_type,txn_id) values (?,?,?,?,?,?)
Hibernate: update account set account_no=?,account_type=?,balance_cache=?,bank_code=?,currency_code=?,pin_hash=?,user_id=? where id=?
Hibernate: update idempotency_key set error_code=?,error_msg=?,expires_at=?,idem_key=?,operation=?,request_hash=?,response_body=cast(? as json),response_code=?,status=?,user_id=? where id=?
Hibernate: select a1_0.id,a1_0.account_no,a1_0.account_type,a1_0.balance_cache,a1_0.bank_code,a1_0.created_at,a1_0.currency_code,a1_0.pin_hash,a1_0.user_id from account a1_0 where a1_0.account_no=? and a1_0.bank_code=?
Hibernate: insert into idempotency_key (created_at,error_code,error_msg,expires_at,idem_key,operation,request_hash,response_body,response_code,status,user_id) values (?,?,?,?,?,?,?,cast(? as json),?,?,?)
Hibernate: select a1_0.id,a1_0.account_no,a1_0.account_type,a1_0.balance_cache,a1_0.bank_code,a1_0.created_at,a1_0.currency_code,a1_0.pin_hash,a1_0.user_id from account a1_0 where a1_0.account_no=? and a1_0.bank_code=?
Hibernate: select a1_0.id,a1_0.account_no,a1_0.account_type,a1_0.balance_cache,a1_0.bank_code,a1_0.created_at,a1_0.currency_code,a1_0.pin_hash,a1_0.user_id from account a1_0 where a1_0.account_type=? and a1_0.currency_code=?
Hibernate: insert into txn (created_at,description,user_id) values (?,?,?)
Hibernate: insert into txn_entry (account_id,amount,created_at,currency_code,entry_type,txn_id) values (?,?,?,?,?,?)
Hibernate: insert into txn_entry (account_id,amount,created_at,currency_code,entry_type,txn_id) values (?,?,?,?,?,?)
Hibernate: update account set account_no=?,account_type=?,balance_cache=?,bank_code=?,currency_code=?,pin_hash=?,user_id=? where id=?
Hibernate: update idempotency_key set error_code=?,error_msg=?,expires_at=?,idem_key=?,operation=?,request_hash=?,response_body=cast(? as json),response_code=?,status=?,user_id=? where id=?
Hibernate: select a1_0.id,a1_0.account_no,a1_0.account_type,a1_0.balance_cache,a1_0.bank_code,a1_0.created_at,a1_0.currency_code,a1_0.pin_hash,a1_0.user_id from account a1_0 where a1_0.account_no=? and a1_0.bank_code=?
Hibernate: select u1_0.id,u1_0.created_at,u1_0.login_id,u1_0.name,u1_0.password,u1_0.phone,u1_0.pin_hash from user u1_0 where u1_0.id=?
Hibernate: select u1_0.id,u1_0.created_at,u1_0.login_id,u1_0.name,u1_0.password,u1_0.phone,u1_0.pin_hash from user u1_0 where u1_0.id=?
Hibernate: select a1_0.id,a1_0.account_no,a1_0.account_type,a1_0.balance_cache,a1_0.bank_code,a1_0.created_at,a1_0.currency_code,a1_0.pin_hash,a1_0.user_id from account a1_0 where a1_0.user_id=?
Hibernate: delete ik1_0 from idempotency_key ik1_0 where ik1_0.expires_at<?
Hibernate: select a1_0.id,a1_0.account_no,a1_0.account_type,a1_0.balance_cache,a1_0.bank_code,a1_0.created_at,a1_0.currency_code,a1_0.pin_hash,a1_0.user_id from account a1_0 where a1_0.account_no=? and a1_0.bank_code=?
Hibernate: select u1_0.id,u1_0.created_at,u1_0.login_id,u1_0.name,u1_0.password,u1_0.phone,u1_0.pin_hash from user u1_0 where u1_0.id=?
Hibernate: select a1_0.id,a1_0.account_no,a1_0.account_type,a1_0.balance_cache,a1_0.bank_code,a1_0.created_at,a1_0.currency_code,a1_0.pin_hash,a1_0.user_id from account a1_0 where a1_0.account_no=? and a1_0.bank_code=?
Hibernate: insert into idempotency_key (created_at,error_code,error_msg,expires_at,idem_key,operation,request_hash,response_body,response_code,status,user_id) values (?,?,?,?,?,?,?,cast(? as json),?,?,?)
Hibernate: select a1_0.id,a1_0.account_no,a1_0.account_type,a1_0.balance_cache,a1_0.bank_code,a1_0.created_at,a1_0.currency_code,a1_0.pin_hash,a1_0.user_id from account a1_0 where a1_0.account_no=? and a1_0.bank_code=?
Hibernate: select a1_0.id,a1_0.account_no,a1_0.account_type,a1_0.balance_cache,a1_0.bank_code,a1_0.created_at,a1_0.currency_code,a1_0.pin_hash,a1_0.user_id from account a1_0 where a1_0.account_type=? and a1_0.currency_code=?
Hibernate: insert into txn (created_at,description,user_id) values (?,?,?)
Hibernate: insert into txn_entry (account_id,amount,created_at,currency_code,entry_type,txn_id) values (?,?,?,?,?,?)
Hibernate: insert into txn_entry (account_id,amount,created_at,currency_code,entry_type,txn_id) values (?,?,?,?,?,?)
Hibernate: update account set account_no=?,account_type=?,balance_cache=?,bank_code=?,currency_code=?,pin_hash=?,user_id=? where id=?
Hibernate: update idempotency_key set error_code=?,error_msg=?,expires_at=?,idem_key=?,operation=?,request_hash=?,response_body=cast(? as json),response_code=?,status=?,user_id=? where id=?
Hibernate: select a1_0.id,a1_0.account_no,a1_0.account_type,a1_0.balance_cache,a1_0.bank_code,a1_0.created_at,a1_0.currency_code,a1_0.pin_hash,a1_0.user_id from account a1_0 where a1_0.account_no=? and a1_0.bank_code=?
Hibernate: insert into idempotency_key (created_at,error_code,error_msg,expires_at,idem_key,operation,request_hash,response_body,response_code,status,user_id) values (?,?,?,?,?,?,?,cast(? as json),?,?,?)
Hibernate: select a1_0.id,a1_0.account_no,a1_0.account_type,a1_0.balance_cache,a1_0.bank_code,a1_0.created_at,a1_0.currency_code,a1_0.pin_hash,a1_0.user_id from account a1_0 where a1_0.account_no=? and a1_0.bank_code=?
Hibernate: select a1_0.id,a1_0.account_no,a1_0.account_type,a1_0.balance_cache,a1_0.bank_code,a1_0.created_at,a1_0.currency_code,a1_0.pin_hash,a1_0.user_id from account a1_0 where a1_0.account_type=? and a1_0.currency_code=?
Hibernate: insert into txn (created_at,description,user_id) values (?,?,?)
Hibernate: insert into txn_entry (account_id,amount,created_at,currency_code,entry_type,txn_id) values (?,?,?,?,?,?)
Hibernate: insert into txn_entry (account_id,amount,created_at,currency_code,entry_type,txn_id) values (?,?,?,?,?,?)
Hibernate: update account set account_no=?,account_type=?,balance_cache=?,bank_code=?,currency_code=?,pin_hash=?,user_id=? where id=?
Hibernate: update idempotency_key set error_code=?,error_msg=?,expires_at=?,idem_key=?,operation=?,request_hash=?,response_body=cast(? as json),response_code=?,status=?,user_id=? where id=?
Hibernate: select a1_0.id,a1_0.account_no,a1_0.account_type,a1_0.balance_cache,a1_0.bank_code,a1_0.created_at,a1_0.currency_code,a1_0.pin_hash,a1_0.user_id from account a1_0 where a1_0.account_no=? and a1_0.bank_code=?
Hibernate: select u1_0.id,u1_0.created_at,u1_0.login_id,u1_0.name,u1_0.password,u1_0.phone,u1_0.pin_hash from user u1_0 where u1_0.id=?
Hibernate: select u1_0.id,u1_0.created_at,u1_0.login_id,u1_0.name,u1_0.password,u1_0.phone,u1_0.pin_hash from user u1_0 where u1_0.id=?
Hibernate: select a1_0.id,a1_0.account_no,a1_0.account_type,a1_0.balance_cache,a1_0.bank_code,a1_0.created_at,a1_0.currency_code,a1_0.pin_hash,a1_0.user_id from account a1_0 where a1_0.user_id=?
Hibernate: delete ik1_0 from idempotency_key ik1_0 where ik1_0.expires_at<?
Hibernate: delete ik1_0 from idempotency_key ik1_0 where ik1_0.expires_at<?
Hibernate: delete ik1_0 from idempotency_key ik1_0 where ik1_0.expires_at<?
Hibernate: select a1_0.id,a1_0.account_no,a1_0.account_type,a1_0.balance_cache,a1_0.bank_code,a1_0.created_at,a1_0.currency_code,a1_0.pin_hash,a1_0.user_id from account a1_0 where a1_0.account_no=? and a1_0.bank_code=?
Hibernate: select u1_0.id,u1_0.created_at,u1_0.login_id,u1_0.name,u1_0.password,u1_0.phone,u1_0.pin_hash from user u1_0 where u1_0.id=?
Hibernate: select a1_0.id,a1_0.account_no,a1_0.account_type,a1_0.balance_cache,a1_0.bank_code,a1_0.created_at,a1_0.currency_code,a1_0.pin_hash,a1_0.user_id from account a1_0 where a1_0.account_no=? and a1_0.bank_code=?
Hibernate: insert into idempotency_key (created_at,error_code,error_msg,expires_at,idem_key,operation,request_hash,response_body,response_code,status,user_id) values (?,?,?,?,?,?,?,cast(? as json),?,?,?)
Hibernate: select a1_0.id,a1_0.account_no,a1_0.account_type,a1_0.balance_cache,a1_0.bank_code,a1_0.created_at,a1_0.currency_code,a1_0.pin_hash,a1_0.user_id from account a1_0 where a1_0.account_no=? and a1_0.bank_code=?
Hibernate: select a1_0.id,a1_0.account_no,a1_0.account_type,a1_0.balance_cache,a1_0.bank_code,a1_0.created_at,a1_0.currency_code,a1_0.pin_hash,a1_0.user_id from account a1_0 where a1_0.account_type=? and a1_0.currency_code=?
Hibernate: insert into txn (created_at,description,user_id) values (?,?,?)
Hibernate: insert into txn_entry (account_id,amount,created_at,currency_code,entry_type,txn_id) values (?,?,?,?,?,?)
Hibernate: insert into txn_entry (account_id,amount,created_at,currency_code,entry_type,txn_id) values (?,?,?,?,?,?)
Hibernate: update account set account_no=?,account_type=?,balance_cache=?,bank_code=?,currency_code=?,pin_hash=?,user_id=? where id=?
Hibernate: update idempotency_key set error_code=?,error_msg=?,expires_at=?,idem_key=?,operation=?,request_hash=?,response_body=cast(? as json),response_code=?,status=?,user_id=? where id=?
Hibernate: select a1_0.id,a1_0.account_no,a1_0.account_type,a1_0.balance_cache,a1_0.bank_code,a1_0.created_at,a1_0.currency_code,a1_0.pin_hash,a1_0.user_id from account a1_0 where a1_0.account_no=? and a1_0.bank_code=?
Hibernate: insert into idempotency_key (created_at,error_code,error_msg,expires_at,idem_key,operation,request_hash,response_body,response_code,status,user_id) values (?,?,?,?,?,?,?,cast(? as json),?,?,?)
Hibernate: select a1_0.id,a1_0.account_no,a1_0.account_type,a1_0.balance_cache,a1_0.bank_code,a1_0.created_at,a1_0.currency_code,a1_0.pin_hash,a1_0.user_id from account a1_0 where a1_0.account_no=? and a1_0.bank_code=?
Hibernate: select a1_0.id,a1_0.account_no,a1_0.account_type,a1_0.balance_cache,a1_0.bank_code,a1_0.created_at,a1_0.currency_code,a1_0.pin_hash,a1_0.user_id from account a1_0 where a1_0.account_type=? and a1_0.currency_code=?
Hibernate: insert into txn (created_at,description,user_id) values (?,?,?)
Hibernate: insert into txn_entry (account_id,amount,created_at,currency_code,entry_type,txn_id) values (?,?,?,?,?,?)
Hibernate: insert into txn_entry (account_id,amount,created_at,currency_code,entry_type,txn_id) values (?,?,?,?,?,?)
Hibernate: update account set account_no=?,account_type=?,balance_cache=?,bank_code=?,currency_code=?,pin_hash=?,user_id=? where id=?
Hibernate: update idempotency_key set error_code=?,error_msg=?,expires_at=?,idem_key=?,operation=?,request_hash=?,response_body=cast(? as json),response_code=?,status=?,user_id=? where id=?
Hibernate: select a1_0.id,a1_0.account_no,a1_0.account_type,a1_0.balance_cache,a1_0.bank_code,a1_0.created_at,a1_0.currency_code,a1_0.pin_hash,a1_0.user_id from account a1_0 where a1_0.account_no=? and a1_0.bank_code=?
Hibernate: select u1_0.id,u1_0.created_at,u1_0.login_id,u1_0.name,u1_0.password,u1_0.phone,u1_0.pin_hash from user u1_0 where u1_0.id=?
Hibernate: select u1_0.id,u1_0.created_at,u1_0.login_id,u1_0.name,u1_0.password,u1_0.phone,u1_0.pin_hash from user u1_0 where u1_0.id=?
Hibernate: select a1_0.id,a1_0.account_no,a1_0.account_type,a1_0.balance_cache,a1_0.bank_code,a1_0.created_at,a1_0.currency_code,a1_0.pin_hash,a1_0.user_id from account a1_0 where a1_0.user_id=?
Hibernate: delete ik1_0 from idempotency_key ik1_0 where ik1_0.expires_at<?
Hibernate: select a1_0.id,a1_0.account_no,a1_0.account_type,a1_0.balance_cache,a1_0.bank_code,a1_0.created_at,a1_0.currency_code,a1_0.pin_hash,a1_0.user_id from account a1_0 where a1_0.account_no=? and a1_0.bank_code=?
Hibernate: select u1_0.id,u1_0.created_at,u1_0.login_id,u1_0.name,u1_0.password,u1_0.phone,u1_0.pin_hash from user u1_0 where u1_0.id=?
Hibernate: select a1_0.id,a1_0.account_no,a1_0.account_type,a1_0.balance_cache,a1_0.bank_code,a1_0.created_at,a1_0.currency_code,a1_0.pin_hash,a1_0.user_id from account a1_0 where a1_0.account_no=? and a1_0.bank_code=?
Hibernate: insert into idempotency_key (created_at,error_code,error_msg,expires_at,idem_key,operation,request_hash,response_body,response_code,status,user_id) values (?,?,?,?,?,?,?,cast(? as json),?,?,?)
Hibernate: select a1_0.id,a1_0.account_no,a1_0.account_type,a1_0.balance_cache,a1_0.bank_code,a1_0.created_at,a1_0.currency_code,a1_0.pin_hash,a1_0.user_id from account a1_0 where a1_0.account_no=? and a1_0.bank_code=?
Hibernate: select a1_0.id,a1_0.account_no,a1_0.account_type,a1_0.balance_cache,a1_0.bank_code,a1_0.created_at,a1_0.currency_code,a1_0.pin_hash,a1_0.user_id from account a1_0 where a1_0.account_type=? and a1_0.currency_code=?
Hibernate: insert into txn (created_at,description,user_id) values (?,?,?)
Hibernate: insert into txn_entry (account_id,amount,created_at,currency_code,entry_type,txn_id) values (?,?,?,?,?,?)
Hibernate: insert into txn_entry (account_id,amount,created_at,currency_code,entry_type,txn_id) values (?,?,?,?,?,?)
Hibernate: update account set account_no=?,account_type=?,balance_cache=?,bank_code=?,currency_code=?,pin_hash=?,user_id=? where id=?
Hibernate: update idempotency_key set error_code=?,error_msg=?,expires_at=?,idem_key=?,operation=?,request_hash=?,response_body=cast(? as json),response_code=?,status=?,user_id=? where id=?
Hibernate: select a1_0.id,a1_0.account_no,a1_0.account_type,a1_0.balance_cache,a1_0.bank_code,a1_0.created_at,a1_0.currency_code,a1_0.pin_hash,a1_0.user_id from account a1_0 where a1_0.account_no=? and a1_0.bank_code=?
Hibernate: insert into idempotency_key (created_at,error_code,error_msg,expires_at,idem_key,operation,request_hash,response_body,response_code,status,user_id) values (?,?,?,?,?,?,?,cast(? as json),?,?,?)
Hibernate: select a1_0.id,a1_0.account_no,a1_0.account_type,a1_0.balance_cache,a1_0.bank_code,a1_0.created_at,a1_0.currency_code,a1_0.pin_hash,a1_0.user_id from account a1_0 where a1_0.account_no=? and a1_0.bank_code=?
Hibernate: select a1_0.id,a1_0.account_no,a1_0.account_type,a1_0.balance_cache,a1_0.bank_code,a1_0.created_at,a1_0.currency_code,a1_0.pin_hash,a1_0.user_id from account a1_0 where a1_0.account_type=? and a1_0.currency_code=?
Hibernate: insert into txn (created_at,description,user_id) values (?,?,?)
Hibernate: insert into txn_entry (account_id,amount,created_at,currency_code,entry_type,txn_id) values (?,?,?,?,?,?)
Hibernate: insert into txn_entry (account_id,amount,created_at,currency_code,entry_type,txn_id) values (?,?,?,?,?,?)
Hibernate: update account set account_no=?,account_type=?,balance_cache=?,bank_code=?,currency_code=?,pin_hash=?,user_id=? where id=?
Hibernate: update idempotency_key set error_code=?,error_msg=?,expires_at=?,idem_key=?,operation=?,request_hash=?,response_body=cast(? as json),response_code=?,status=?,user_id=? where id=?
Hibernate: select a1_0.id,a1_0.account_no,a1_0.account_type,a1_0.balance_cache,a1_0.bank_code,a1_0.created_at,a1_0.currency_code,a1_0.pin_hash,a1_0.user_id from account a1_0 where a1_0.account_no=? and a1_0.bank_code=?
Hibernate: select u1_0.id,u1_0.created_at,u1_0.login_id,u1_0.name,u1_0.password,u1_0.phone,u1_0.pin_hash from user u1_0 where u1_0.id=?
Hibernate: select u1_0.id,u1_0.created_at,u1_0.login_id,u1_0.name,u1_0.password,u1_0.phone,u1_0.pin_hash from user u1_0 where u1_0.id=?
Hibernate: select a1_0.id,a1_0.account_no,a1_0.account_type,a1_0.balance_cache,a1_0.bank_code,a1_0.created_at,a1_0.currency_code,a1_0.pin_hash,a1_0.user_id from account a1_0 where a1_0.user_id=?
Hibernate: select a1_0.id,a1_0.account_no,a1_0.account_type,a1_0.balance_cache,a1_0.bank_code,a1_0.created_at,a1_0.currency_code,a1_0.pin_hash,a1_0.user_id from account a1_0 where a1_0.account_no=? and a1_0.bank_code=?
Hibernate: select u1_0.id,u1_0.created_at,u1_0.login_id,u1_0.name,u1_0.password,u1_0.phone,u1_0.pin_hash from user u1_0 where u1_0.id=?
Hibernate: select a1_0.id,a1_0.account_no,a1_0.account_type,a1_0.balance_cache,a1_0.bank_code,a1_0.created_at,a1_0.currency_code,a1_0.pin_hash,a1_0.user_id from account a1_0 where a1_0.account_no=? and a1_0.bank_code=?
Hibernate: insert into idempotency_key (created_at,error_code,error_msg,expires_at,idem_key,operation,request_hash,response_body,response_code,status,user_id) values (?,?,?,?,?,?,?,cast(? as json),?,?,?)
Hibernate: select a1_0.id,a1_0.account_no,a1_0.account_type,a1_0.balance_cache,a1_0.bank_code,a1_0.created_at,a1_0.currency_code,a1_0.pin_hash,a1_0.user_id from account a1_0 where a1_0.account_no=? and a1_0.bank_code=?
Hibernate: select a1_0.id,a1_0.account_no,a1_0.account_type,a1_0.balance_cache,a1_0.bank_code,a1_0.created_at,a1_0.currency_code,a1_0.pin_hash,a1_0.user_id from account a1_0 where a1_0.account_type=? and a1_0.currency_code=?
Hibernate: insert into txn (created_at,description,user_id) values (?,?,?)
Hibernate: insert into txn_entry (account_id,amount,created_at,currency_code,entry_type,txn_id) values (?,?,?,?,?,?)
Hibernate: insert into txn_entry (account_id,amount,created_at,currency_code,entry_type,txn_id) values (?,?,?,?,?,?)
Hibernate: update account set account_no=?,account_type=?,balance_cache=?,bank_code=?,currency_code=?,pin_hash=?,user_id=? where id=?
Hibernate: update idempotency_key set error_code=?,error_msg=?,expires_at=?,idem_key=?,operation=?,request_hash=?,response_body=cast(? as json),response_code=?,status=?,user_id=? where id=?
Hibernate: select a1_0.id,a1_0.account_no,a1_0.account_type,a1_0.balance_cache,a1_0.bank_code,a1_0.created_at,a1_0.currency_code,a1_0.pin_hash,a1_0.user_id from account a1_0 where a1_0.account_no=? and a1_0.bank_code=?
Hibernate: insert into idempotency_key (created_at,error_code,error_msg,expires_at,idem_key,operation,request_hash,response_body,response_code,status,user_id) values (?,?,?,?,?,?,?,cast(? as json),?,?,?)
Hibernate: select a1_0.id,a1_0.account_no,a1_0.account_type,a1_0.balance_cache,a1_0.bank_code,a1_0.created_at,a1_0.currency_code,a1_0.pin_hash,a1_0.user_id from account a1_0 where a1_0.account_no=? and a1_0.bank_code=?
Hibernate: select a1_0.id,a1_0.account_no,a1_0.account_type,a1_0.balance_cache,a1_0.bank_code,a1_0.created_at,a1_0.currency_code,a1_0.pin_hash,a1_0.user_id from account a1_0 where a1_0.account_type=? and a1_0.currency_code=?
Hibernate: insert into txn (created_at,description,user_id) values (?,?,?)
Hibernate: insert into txn_entry (account_id,amount,created_at,currency_code,entry_type,txn_id) values (?,?,?,?,?,?)
Hibernate: insert into txn_entry (account_id,amount,created_at,currency_code,entry_type,txn_id) values (?,?,?,?,?,?)
Hibernate: update account set account_no=?,account_type=?,balance_cache=?,bank_code=?,currency_code=?,pin_hash=?,user_id=? where id=?
Hibernate: update idempotency_key set error_code=?,error_msg=?,expires_at=?,idem_key=?,operation=?,request_hash=?,response_body=cast(? as json),response_code=?,status=?,user_id=? where id=?
Hibernate: select a1_0.id,a1_0.account_no,a1_0.account_type,a1_0.balance_cache,a1_0.bank_code,a1_0.created_at,a1_0.currency_code,a1_0.pin_hash,a1_0.user_id from account a1_0 where a1_0.account_no=? and a1_0.bank_code=?
Hibernate: select u1_0.id,u1_0.created_at,u1_0.login_id,u1_0.name,u1_0.password,u1_0.phone,u1_0.pin_hash from user u1_0 where u1_0.id=?
Hibernate: select u1_0.id,u1_0.created_at,u1_0.login_id,u1_0.name,u1_0.password,u1_0.phone,u1_0.pin_hash from user u1_0 where u1_0.id=?
Hibernate: select a1_0.id,a1_0.account_no,a1_0.account_type,a1_0.balance_cache,a1_0.bank_code,a1_0.created_at,a1_0.currency_code,a1_0.pin_hash,a1_0.user_id from account a1_0 where a1_0.user_id=?
Hibernate: delete ik1_0 from idempotency_key ik1_0 where ik1_0.expires_at<?
